// Jest Snapshot v1, https://goo.gl/fbAQLP

exports[`Card Component renders correctly 1`] = `
<ForwardRef(MotionComponent)
  animate={false}
  className="card "
  drag={true}
  dragConstraints={
    Object {
      "bottom": 0,
      "left": 0,
      "right": 0,
      "top": 0,
    }
  }
  dragElastic={0.5}
  key="0"
  onDrag={[Function]}
  onDragEnd={[Function]}
  style={
    Object {
      "backgroundImage": "url(Alicia-Vela-Bailey.jpg)",
    }
  }
  whileTap={
    Object {
      "scale": 0.9,
    }
  }
>
  <div
    className="display-action "
  >
    <h1 />
  </div>
  <div
    className="card-content"
  >
    <h1>
      Alicia Vela-Bailey
      , 
      28
    </h1>
    <div
      className="card-subtitle"
    >
      <p>
        LA, USA
      </p>
      <button
        onClick={[Function]}
      >
        <img
          alt="Info"
          src="info.svg"
        />
      </button>
    </div>
    <div
      className="card-actions"
    >
      <button
        className="disliked"
        onClick={[Function]}
      >
        <img
          alt="Dislike"
          src="Dislike.svg"
        />
      </button>
      <button
        className="superliked"
        onClick={[Function]}
      >
        <img
          alt="Superlike"
          src="SuperLike.svg"
        />
      </button>
      <button
        className="liked"
        onClick={[Function]}
      >
        <img
          alt="Like"
          src="Like.svg"
        />
      </button>
    </div>
  </div>
</ForwardRef(MotionComponent)>
`;
