// Jest Snapshot v1, https://goo.gl/fbAQLP

exports[`Card Component renders correctly 1`] = `
<div
  className="card"
  style={
    Object {
      "backgroundImage": "url(Mila-Kunis.jpg)",
    }
  }
>
  <div
    className="card-content"
  >
    <h1>
      Mila Kunis
      , 
      age
    </h1>
    <div
      className="card-subtitle"
    >
      <p>
        location
      </p>
      <button
        onClick={[Function]}
      >
        <img
          alt="Info"
          src="info.svg"
        />
      </button>
    </div>
    <div
      className="card-actions"
    >
      <button
        className="disliked"
        onClick={[Function]}
      >
        <img
          alt="Dislike"
          src="Dislike.svg"
        />
      </button>
      <button
        className="superliked"
        onClick={[Function]}
      >
        <img
          alt="Superlike"
          src="SuperLike.svg"
        />
      </button>
      <button
        className="liked"
        onClick={[Function]}
      >
        <img
          alt="Like"
          src="Like.svg"
        />
      </button>
    </div>
  </div>
</div>
`;
