// Jest Snapshot v1, https://goo.gl/fbAQLP

exports[`Deck component renders correctly 1`] = `
<div
  className="deck"
>
  <Card
    age="36"
    bio="Actress"
    handleAction={[Function]}
    id={0}
    img="Mila-Kunis"
    key="0"
    location="LA, USA"
    name="Mila Kunis"
  />
  <Card
    age="29"
    bio="Actress"
    handleAction={[Function]}
    id={1}
    img="Jennifer-Lawrence"
    key="1"
    location="Kentucky, USA"
    name="Jennifer Lawrence"
  />
  <Card
    age="29"
    bio="Actress"
    handleAction={[Function]}
    id={2}
    img="Emma-Watson"
    key="2"
    location="Oxford, UK"
    name="Emma Watson"
  />
</div>
`;
