// Jest Snapshot v1, https://goo.gl/fbAQLP

exports[`ResultCard component renders correctly 1`] = `
<div
  className="result-card"
  style={
    Object {
      "backgroundImage": "url(Rosie-Mac.jpg)",
    }
  }
>
  <div
    className="result-card-title"
  >
    <h2>
      Rosie Mac
    </h2>
  </div>
</div>
`;
