// Jest Snapshot v1, https://goo.gl/fbAQLP

exports[`CardActions component renders correctly 1`] = `
<styled.div>
  <Styled(Styled(Component))
    onClick={[Function]}
  />
  <Styled(Styled(Component))
    onClick={[Function]}
  />
  <Styled(Component)
    onClick={[Function]}
  />
</styled.div>
`;
